The run.sh runs the script in:
artifact/GT_analysis/Analysis.py

The expected output can be seen in claims/claim1/expected/expected_output.txt
The output is the number of different labels and types of indicators in the GAP part, the BAP part and in Total