The run.sh runs the script in:
artifact/AnalystsData/Analysts_eval.py

The expected output can be seen in claims/claim4/expected/expected_output.txt
The output shows the precision, recall and F1 score for the analysts and ChatGPT 4o-LANCE in the BAP and GAP part of the PRISM dataset generation.
 