This claim does not produce a specific output as it just runs the user interface crated for the human in the loop part of the PRISM dataset creation. 

You can access the user interface in your local browser after running the run.sh and following the link given in the terminal.
For more information and a short video tutorial you can look at:
/artifact/UI