The run.sh runs the script in:
artifact/AnalystsData/UI_speed_analysis.py

The expected output can be seen in claims/claim2/expected/expected_output.txt
The output shows the average number of seconds each Analyst needed to analyze a report in BAP and GAP scenario of the PRISM dataset creation.
The "Average time per report" line in the output represents the average time per report needed among the five junior Analysts.
